DistilledPost {dpUri = "https://testinghakyllconvert.wordpress.com/about/", dpBody = "This is an example of an about page. Unlike posts, pages are better suited for more timeless content that you want to be easily accessible, like your About or Contact information. Click the Edit link to make changes to this page or <a href=\"https://wordpress.com/page\">add another page</a>.\n\n\n<h3 id='hakyll-convert-comments-title'>Comments</h3>\n", dpTitle = Just "About", dpTags = [], dpCategories = [], dpDate = 2017-09-02 21:05:36 UTC}