DistilledPost {dpUri = "https://testinghakyllconvert.wordpress.com/contact/", dpBody = "This is a contact page with some basic contact information and a contact form. [contact-form][contact-field label=\"Name\" type=\"name\" required=\"1\"/][contact-field label=\"Email\" type=\"email\" required=\"1\"/][contact-field label=\"Website\" type=\"url\"/][contact-field label=\"Comment\" type=\"textarea\" required=\"1\"/][/contact-form]\n\n\n<h3 id='hakyll-convert-comments-title'>Comments</h3>\n", dpTitle = Just "Contact", dpTags = [], dpCategories = [], dpDate = 2017-09-02 21:05:35 UTC}