DistilledPost {dpUri = "https://testinghakyllconvert.wordpress.com/2017/09/02/first-blog-post/", dpBody = "This is your very first post. Click the Edit link to modify or delete it, or <a href=\"https://wordpress.com/post\">start a new post</a>. If you like, use this post to tell readers why you started this blog and what you plan to do with it.\n\n\n<h3 id='hakyll-convert-comments-title'>Comments</h3>\n", dpTitle = Just "First blog post", dpTags = [], dpCategories = ["Uncategorized"], dpDate = 2017-09-02 21:05:34 UTC}